Godot Engine v4.5.1.stable.official.f62fdbde1 - https://godotengine.org

EXPORTED army:Lemek:Varn · 32
EXPORTED army:Lemek:Fyra · 64
EXPORTED army:Lemek:Kopita · 96
EXPORTED army:Lemek:Tumler · 128
EXPORTED army:Lemek:Kurchin · 160
EXPORTED army:Lemek:Muno · 192
EXPORTED army:Lemek:Dotra · 224
EXPORTED army:Lemek:Sooge · 256
EXPORTED army:Lemek:Sinodek · 288
EXPORTED army:Varn:Fyra · 320
EXPORTED army:Varn:Kopita · 352
EXPORTED army:Varn:Tumler · 384
EXPORTED army:Varn:Kurchin · 416
EXPORTED army:Varn:Muno · 448
EXPORTED army:Varn:Dotra · 480
EXPORTED army:Varn:Sooge · 512
EXPORTED army:Varn:Sinodek · 544
EXPORTED army:Fyra:Kopita · 576
EXPORTED army:Fyra:Tumler · 608
EXPORTED army:Fyra:Kurchin · 640
EXPORTED army:Fyra:Muno · 672
EXPORTED army:Fyra:Dotra · 704
EXPORTED army:Fyra:Sooge · 736
EXPORTED army:Fyra:Sinodek · 768
EXPORTED army:Kopita:Tumler · 800
EXPORTED army:Kopita:Kurchin · 832
EXPORTED army:Kopita:Muno · 864
EXPORTED army:Kopita:Dotra · 896
EXPORTED army:Kopita:Sooge · 928
EXPORTED army:Kopita:Sinodek · 960
EXPORTED army:Tumler:Kurchin · 992
EXPORTED army:Tumler:Muno · 1024
EXPORTED army:Tumler:Dotra · 1056
EXPORTED army:Tumler:Sooge · 1088
EXPORTED army:Tumler:Sinodek · 1120
EXPORTED army:Kurchin:Muno · 1152
EXPORTED army:Kurchin:Dotra · 1184
EXPORTED army:Kurchin:Sooge · 1216
EXPORTED army:Kurchin:Sinodek · 1248
EXPORTED army:Muno:Dotra · 1280
EXPORTED army:Muno:Sooge · 1312
EXPORTED army:Muno:Sinodek · 1344
EXPORTED army:Dotra:Sooge · 1376
EXPORTED army:Dotra:Sinodek · 1408
EXPORTED army:Sooge:Sinodek · 1440
