CONTROLLED 32 single:Penitent:Butcher {'battles': 32, 'wins': 0, 'losses': 32, 'draws': 0, 'round_cap': 0, 'phases': 64} 10.9s
CONTROLLED 64 single:Penitent:Vulture {'battles': 32, 'wins': 14, 'losses': 18, 'draws': 0, 'round_cap': 0, 'phases': 96} 10.9s
CONTROLLED 96 single:Penitent:Wright {'battles': 32, 'wins': 32, 'losses': 0, 'draws': 0, 'round_cap': 0, 'phases': 160} 10.9s
CONTROLLED 128 single:Penitent:Lemek {'battles': 32, 'wins': 0, 'losses': 32, 'draws': 0, 'round_cap': 0, 'phases': 64} 10.9s
CONTROLLED 160 single:Penitent:Varn {'battles': 32, 'wins': 0, 'losses': 32, 'draws': 0, 'round_cap': 0, 'phases': 64} 10.9s
CONTROLLED 192 single:Penitent:Fyra {'battles': 32, 'wins': 0, 'losses': 32, 'draws': 0, 'round_cap': 0, 'phases': 64} 10.9s
CONTROLLED 224 single:Penitent:Kopita {'battles': 32, 'wins': 0, 'losses': 32, 'draws': 0, 'round_cap': 0, 'phases': 96} 10.9s
CONTROLLED 256 single:Penitent:Tumler {'battles': 32, 'wins': 0, 'losses': 32, 'draws': 0, 'round_cap': 0, 'phases': 64} 11.1s
CONTROLLED 288 single:Penitent:Kurchin {'battles': 32, 'wins': 0, 'losses': 32, 'draws': 0, 'round_cap': 0, 'phases': 128} 11.4s
CONTROLLED 320 single:Penitent:Muno {'battles': 32, 'wins': 0, 'losses': 32, 'draws': 0, 'round_cap': 0, 'phases': 64} 11.9s
CONTROLLED 352 single:Penitent:Dotra {'battles': 32, 'wins': 0, 'losses': 32, 'draws': 0, 'round_cap': 0, 'phases': 64} 12.6s
CONTROLLED 384 single:Penitent:Sooge {'battles': 32, 'wins': 22, 'losses': 0, 'draws': 10, 'round_cap': 0, 'phases': 130} 13.7s
CONTROLLED 416 single:Penitent:Sinodek {'battles': 32, 'wins': 14, 'losses': 18, 'draws': 0, 'round_cap': 0, 'phases': 108} 14.8s
CONTROLLED 448 single:Butcher:Vulture {'battles': 32, 'wins': 0, 'losses': 32, 'draws': 0, 'round_cap': 0, 'phases': 64} 15.3s
CONTROLLED 480 single:Butcher:Wright {'battles': 32, 'wins': 32, 'losses': 0, 'draws': 0, 'round_cap': 0, 'phases': 96} 15.9s
CONTROLLED 512 single:Butcher:Lemek {'battles': 32, 'wins': 0, 'losses': 32, 'draws': 0, 'round_cap': 0, 'phases': 64} 16.3s
CONTROLLED 544 single:Butcher:Varn {'battles': 32, 'wins': 0, 'losses': 32, 'draws': 0, 'round_cap': 0, 'phases': 64} 18.1s
CONTROLLED 576 single:Butcher:Fyra {'battles': 32, 'wins': 0, 'losses': 18, 'draws': 14, 'round_cap': 0, 'phases': 64} 18.2s
CONTROLLED 608 single:Butcher:Kopita {'battles': 32, 'wins': 0, 'losses': 32, 'draws': 0, 'round_cap': 0, 'phases': 64} 18.7s
CONTROLLED 640 single:Butcher:Tumler {'battles': 32, 'wins': 0, 'losses': 32, 'draws': 0, 'round_cap': 0, 'phases': 64} 19.4s
CONTROLLED 672 single:Butcher:Kurchin {'battles': 32, 'wins': 0, 'losses': 30, 'draws': 2, 'round_cap': 0, 'phases': 96} 20.6s
CONTROLLED 704 single:Butcher:Muno {'battles': 32, 'wins': 0, 'losses': 32, 'draws': 0, 'round_cap': 0, 'phases': 64} 20.6s
CONTROLLED 736 single:Butcher:Dotra {'battles': 32, 'wins': 0, 'losses': 32, 'draws': 0, 'round_cap': 0, 'phases': 64} 21.1s
CONTROLLED 768 single:Butcher:Sooge {'battles': 32, 'wins': 26, 'losses': 6, 'draws': 0, 'round_cap': 0, 'phases': 80} 21.7s
CONTROLLED 800 single:Butcher:Sinodek {'battles': 32, 'wins': 20, 'losses': 12, 'draws': 0, 'round_cap': 0, 'phases': 88} 22.2s
CONTROLLED 832 single:Vulture:Wright {'battles': 32, 'wins': 0, 'losses': 32, 'draws': 0, 'round_cap': 0, 'phases': 128} 23.2s
CONTROLLED 864 single:Vulture:Lemek {'battles': 32, 'wins': 0, 'losses': 32, 'draws': 0, 'round_cap': 0, 'phases': 64} 23.5s
CONTROLLED 896 single:Vulture:Varn {'battles': 32, 'wins': 0, 'losses': 32, 'draws': 0, 'round_cap': 0, 'phases': 64} 24.7s
CONTROLLED 928 single:Vulture:Fyra {'battles': 32, 'wins': 0, 'losses': 32, 'draws': 0, 'round_cap': 0, 'phases': 64} 25.1s
CONTROLLED 960 single:Vulture:Kopita {'battles': 32, 'wins': 0, 'losses': 32, 'draws': 0, 'round_cap': 0, 'phases': 64} 25.5s
CONTROLLED 992 single:Vulture:Tumler {'battles': 32, 'wins': 0, 'losses': 32, 'draws': 0, 'round_cap': 0, 'phases': 64} 25.9s
CONTROLLED 1024 single:Vulture:Kurchin {'battles': 32, 'wins': 0, 'losses': 32, 'draws': 0, 'round_cap': 0, 'phases': 128} 26.8s
CONTROLLED 1056 single:Vulture:Muno {'battles': 32, 'wins': 0, 'losses': 32, 'draws': 0, 'round_cap': 0, 'phases': 64} 27.0s
CONTROLLED 1088 single:Vulture:Dotra {'battles': 32, 'wins': 0, 'losses': 32, 'draws': 0, 'round_cap': 0, 'phases': 64} 27.6s
CONTROLLED 1120 single:Vulture:Sooge {'battles': 32, 'wins': 10, 'losses': 22, 'draws': 0, 'round_cap': 0, 'phases': 112} 28.3s
CONTROLLED 1152 single:Vulture:Sinodek {'battles': 32, 'wins': 20, 'losses': 12, 'draws': 0, 'round_cap': 0, 'phases': 88} 28.8s
CONTROLLED 1184 single:Wright:Lemek {'battles': 32, 'wins': 0, 'losses': 32, 'draws': 0, 'round_cap': 0, 'phases': 96} 30.0s
CONTROLLED 1216 single:Wright:Varn {'battles': 32, 'wins': 0, 'losses': 32, 'draws': 0, 'round_cap': 0, 'phases': 96} 32.1s
CONTROLLED 1248 single:Wright:Fyra {'battles': 32, 'wins': 0, 'losses': 32, 'draws': 0, 'round_cap': 0, 'phases': 64} 32.1s
CONTROLLED 1280 single:Wright:Kopita {'battles': 32, 'wins': 0, 'losses': 32, 'draws': 0, 'round_cap': 0, 'phases': 96} 32.7s
CONTROLLED 1312 single:Wright:Tumler {'battles': 32, 'wins': 0, 'losses': 32, 'draws': 0, 'round_cap': 0, 'phases': 96} 33.4s
CONTROLLED 1344 single:Wright:Kurchin {'battles': 32, 'wins': 0, 'losses': 32, 'draws': 0, 'round_cap': 0, 'phases': 224} 35.2s
CONTROLLED 1376 single:Wright:Muno {'battles': 32, 'wins': 0, 'losses': 32, 'draws': 0, 'round_cap': 0, 'phases': 96} 35.5s
CONTROLLED 1408 single:Wright:Dotra {'battles': 32, 'wins': 0, 'losses': 32, 'draws': 0, 'round_cap': 0, 'phases': 96} 36.3s
CONTROLLED 1440 single:Wright:Sooge {'battles': 32, 'wins': 16, 'losses': 16, 'draws': 0, 'round_cap': 0, 'phases': 118} 37.0s
CONTROLLED 1472 single:Wright:Sinodek {'battles': 32, 'wins': 22, 'losses': 10, 'draws': 0, 'round_cap': 0, 'phases': 148} 37.9s
CONTROLLED 1504 single:Lemek:Varn {'battles': 32, 'wins': 32, 'losses': 0, 'draws': 0, 'round_cap': 0, 'phases': 64} 39.1s
CONTROLLED 1536 single:Lemek:Fyra {'battles': 32, 'wins': 22, 'losses': 10, 'draws': 0, 'round_cap': 0, 'phases': 64} 39.1s
CONTROLLED 1568 single:Lemek:Kopita {'battles': 32, 'wins': 32, 'losses': 0, 'draws': 0, 'round_cap': 0, 'phases': 64} 39.4s
CONTROLLED 1600 single:Lemek:Tumler {'battles': 32, 'wins': 8, 'losses': 14, 'draws': 10, 'round_cap': 0, 'phases': 64} 40.0s
CONTROLLED 1632 single:Lemek:Kurchin {'battles': 32, 'wins': 28, 'losses': 4, 'draws': 0, 'round_cap': 0, 'phases': 122} 41.0s
CONTROLLED 1664 single:Lemek:Muno {'battles': 32, 'wins': 32, 'losses': 0, 'draws': 0, 'round_cap': 0, 'phases': 64} 41.3s
CONTROLLED 1696 single:Lemek:Dotra {'battles': 32, 'wins': 0, 'losses': 32, 'draws': 0, 'round_cap': 0, 'phases': 64} 41.8s
CONTROLLED 1728 single:Lemek:Sooge {'battles': 32, 'wins': 32, 'losses': 0, 'draws': 0, 'round_cap': 0, 'phases': 70} 42.2s
CONTROLLED 1760 single:Lemek:Sinodek {'battles': 32, 'wins': 24, 'losses': 8, 'draws': 0, 'round_cap': 0, 'phases': 64} 42.6s
CONTROLLED 1792 single:Varn:Fyra {'battles': 32, 'wins': 22, 'losses': 10, 'draws': 0, 'round_cap': 0, 'phases': 68} 43.7s
CONTROLLED 1824 single:Varn:Kopita {'battles': 32, 'wins': 20, 'losses': 6, 'draws': 6, 'round_cap': 0, 'phases': 76} 45.1s
CONTROLLED 1856 single:Varn:Tumler {'battles': 32, 'wins': 8, 'losses': 24, 'draws': 0, 'round_cap': 0, 'phases': 82} 46.5s
CONTROLLED 1888 single:Varn:Kurchin {'battles': 32, 'wins': 22, 'losses': 10, 'draws': 0, 'round_cap': 0, 'phases': 138} 48.9s
CONTROLLED 1920 single:Varn:Muno {'battles': 32, 'wins': 20, 'losses': 12, 'draws': 0, 'round_cap': 0, 'phases': 64} 50.1s
CONTROLLED 1952 single:Varn:Dotra {'battles': 32, 'wins': 0, 'losses': 32, 'draws': 0, 'round_cap': 0, 'phases': 84} 51.7s
CONTROLLED 1984 single:Varn:Sooge {'battles': 32, 'wins': 28, 'losses': 4, 'draws': 0, 'round_cap': 0, 'phases': 86} 52.7s
CONTROLLED 2016 single:Varn:Sinodek {'battles': 32, 'wins': 22, 'losses': 10, 'draws': 0, 'round_cap': 0, 'phases': 90} 54.1s
CONTROLLED 2048 single:Fyra:Kopita {'battles': 32, 'wins': 26, 'losses': 6, 'draws': 0, 'round_cap': 0, 'phases': 64} 54.1s
CONTROLLED 2080 single:Fyra:Tumler {'battles': 32, 'wins': 8, 'losses': 24, 'draws': 0, 'round_cap': 0, 'phases': 64} 54.5s
CONTROLLED 2112 single:Fyra:Kurchin {'battles': 32, 'wins': 16, 'losses': 16, 'draws': 0, 'round_cap': 0, 'phases': 88} 55.1s
CONTROLLED 2144 single:Fyra:Muno {'battles': 32, 'wins': 2, 'losses': 30, 'draws': 0, 'round_cap': 0, 'phases': 64} 55.3s
CONTROLLED 2176 single:Fyra:Dotra {'battles': 32, 'wins': 2, 'losses': 30, 'draws': 0, 'round_cap': 0, 'phases': 64} 55.8s
CONTROLLED 2208 single:Fyra:Sooge {'battles': 32, 'wins': 32, 'losses': 0, 'draws': 0, 'round_cap': 0, 'phases': 66} 56.2s
CONTROLLED 2240 single:Fyra:Sinodek {'battles': 32, 'wins': 14, 'losses': 18, 'draws': 0, 'round_cap': 0, 'phases': 48} 56.4s
CONTROLLED 2272 single:Kopita:Tumler {'battles': 32, 'wins': 0, 'losses': 32, 'draws': 0, 'round_cap': 0, 'phases': 64} 56.9s
CONTROLLED 2304 single:Kopita:Kurchin {'battles': 32, 'wins': 20, 'losses': 12, 'draws': 0, 'round_cap': 0, 'phases': 154} 57.8s
CONTROLLED 2336 single:Kopita:Muno {'battles': 32, 'wins': 0, 'losses': 32, 'draws': 0, 'round_cap': 0, 'phases': 64} 58.2s
CONTROLLED 2368 single:Kopita:Dotra {'battles': 32, 'wins': 0, 'losses': 32, 'draws': 0, 'round_cap': 0, 'phases': 64} 58.7s
CONTROLLED 2400 single:Kopita:Sooge {'battles': 32, 'wins': 32, 'losses': 0, 'draws': 0, 'round_cap': 0, 'phases': 86} 59.0s
CONTROLLED 2432 single:Kopita:Sinodek {'battles': 32, 'wins': 20, 'losses': 12, 'draws': 0, 'round_cap': 0, 'phases': 88} 59.5s
CONTROLLED 2464 single:Tumler:Kurchin {'battles': 32, 'wins': 32, 'losses': 0, 'draws': 0, 'round_cap': 0, 'phases': 124} 60.3s
CONTROLLED 2496 single:Tumler:Muno {'battles': 32, 'wins': 20, 'losses': 10, 'draws': 2, 'round_cap': 0, 'phases': 64} 60.9s
CONTROLLED 2528 single:Tumler:Dotra {'battles': 32, 'wins': 22, 'losses': 8, 'draws': 2, 'round_cap': 0, 'phases': 64} 61.5s
CONTROLLED 2560 single:Tumler:Sooge {'battles': 32, 'wins': 32, 'losses': 0, 'draws': 0, 'round_cap': 0, 'phases': 70} 61.9s
CONTROLLED 2592 single:Tumler:Sinodek {'battles': 32, 'wins': 24, 'losses': 8, 'draws': 0, 'round_cap': 0, 'phases': 64} 62.3s
CONTROLLED 2624 single:Kurchin:Muno {'battles': 32, 'wins': 6, 'losses': 26, 'draws': 0, 'round_cap': 0, 'phases': 114} 63.2s
CONTROLLED 2656 single:Kurchin:Dotra {'battles': 32, 'wins': 14, 'losses': 18, 'draws': 0, 'round_cap': 0, 'phases': 136} 64.9s
CONTROLLED 2688 single:Kurchin:Sooge {'battles': 32, 'wins': 32, 'losses': 0, 'draws': 0, 'round_cap': 0, 'phases': 146} 66.5s
CONTROLLED 2720 single:Kurchin:Sinodek {'battles': 32, 'wins': 22, 'losses': 10, 'draws': 0, 'round_cap': 0, 'phases': 124} 67.8s
CONTROLLED 2752 single:Muno:Dotra {'battles': 32, 'wins': 0, 'losses': 32, 'draws': 0, 'round_cap': 0, 'phases': 64} 68.1s
CONTROLLED 2784 single:Muno:Sooge {'battles': 32, 'wins': 32, 'losses': 0, 'draws': 0, 'round_cap': 0, 'phases': 70} 68.8s
CONTROLLED 2816 single:Muno:Sinodek {'battles': 32, 'wins': 24, 'losses': 8, 'draws': 0, 'round_cap': 0, 'phases': 64} 69.3s
CONTROLLED 2848 single:Dotra:Sooge {'battles': 32, 'wins': 32, 'losses': 0, 'draws': 0, 'round_cap': 0, 'phases': 70} 70.1s
CONTROLLED 2880 single:Dotra:Sinodek {'battles': 32, 'wins': 32, 'losses': 0, 'draws': 0, 'round_cap': 0, 'phases': 64} 70.6s
CONTROLLED 2912 single:Sooge:Sinodek {'battles': 32, 'wins': 14, 'losses': 18, 'draws': 0, 'round_cap': 0, 'phases': 116} 71.2s
CONTROLLED 2944 squad:Penitent:Butcher {'battles': 32, 'wins': 0, 'losses': 32, 'draws': 0, 'round_cap': 0, 'phases': 64} 72.5s
CONTROLLED 2976 squad:Penitent:Vulture {'battles': 32, 'wins': 18, 'losses': 14, 'draws': 0, 'round_cap': 0, 'phases': 108} 74.2s
CONTROLLED 3008 squad:Penitent:Wright {'battles': 32, 'wins': 32, 'losses': 0, 'draws': 0, 'round_cap': 0, 'phases': 192} 78.2s
CONTROLLED 3040 squad:Butcher:Vulture {'battles': 32, 'wins': 0, 'losses': 32, 'draws': 0, 'round_cap': 0, 'phases': 64} 79.4s
CONTROLLED 3072 squad:Butcher:Wright {'battles': 32, 'wins': 32, 'losses': 0, 'draws': 0, 'round_cap': 0, 'phases': 128} 81.8s
CONTROLLED 3104 squad:Vulture:Wright {'battles': 32, 'wins': 32, 'losses': 0, 'draws': 0, 'round_cap': 0, 'phases': 192} 84.7s
CONTROLLED 3136 addition:Lemek:shock_low:with {'battles': 16, 'wins': 10, 'losses': 6, 'draws': 0, 'round_cap': 0, 'phases': 58} 88.6s
CONTROLLED 3168 addition:Lemek:shock_low:with {'battles': 32, 'wins': 20, 'losses': 12, 'draws': 0, 'round_cap': 0, 'phases': 118} 91.8s
CONTROLLED 3200 addition:Lemek:shock_high:with {'battles': 16, 'wins': 0, 'losses': 16, 'draws': 0, 'round_cap': 0, 'phases': 48} 95.9s
CONTROLLED 3232 addition:Lemek:shock_high:with {'battles': 32, 'wins': 0, 'losses': 32, 'draws': 0, 'round_cap': 0, 'phases': 98} 99.7s
CONTROLLED 3264 addition:Lemek:screen_low:with {'battles': 16, 'wins': 12, 'losses': 4, 'draws': 0, 'round_cap': 0, 'phases': 80} 104.5s
CONTROLLED 3296 addition:Lemek:screen_low:with {'battles': 32, 'wins': 26, 'losses': 6, 'draws': 0, 'round_cap': 0, 'phases': 158} 108.7s
CONTROLLED 3328 addition:Lemek:screen_high:with {'battles': 16, 'wins': 0, 'losses': 16, 'draws': 0, 'round_cap': 0, 'phases': 78} 116.1s
CONTROLLED 3360 addition:Lemek:screen_high:with {'battles': 32, 'wins': 0, 'losses': 32, 'draws': 0, 'round_cap': 0, 'phases': 156} 122.6s
CONTROLLED 3392 addition:Lemek:mixed_low:with {'battles': 16, 'wins': 16, 'losses': 0, 'draws': 0, 'round_cap': 0, 'phases': 86} 127.3s
CONTROLLED 3424 addition:Lemek:mixed_low:with {'battles': 32, 'wins': 32, 'losses': 0, 'draws': 0, 'round_cap': 0, 'phases': 170} 131.4s
CONTROLLED 3456 addition:Lemek:mixed_high:with {'battles': 16, 'wins': 0, 'losses': 16, 'draws': 0, 'round_cap': 0, 'phases': 78} 146.9s
CONTROLLED 3488 addition:Lemek:mixed_high:with {'battles': 32, 'wins': 0, 'losses': 32, 'draws': 0, 'round_cap': 0, 'phases': 158} 149.2s
CONTROLLED 3520 addition:Varn:shock_low:with {'battles': 16, 'wins': 16, 'losses': 0, 'draws': 0, 'round_cap': 0, 'phases': 48} 150.9s
CONTROLLED 3552 addition:Varn:shock_low:with {'battles': 32, 'wins': 28, 'losses': 4, 'draws': 0, 'round_cap': 0, 'phases': 96} 154.3s
CONTROLLED 3584 addition:Varn:shock_high:with {'battles': 16, 'wins': 6, 'losses': 10, 'draws': 0, 'round_cap': 0, 'phases': 48} 158.4s
CONTROLLED 3616 addition:Varn:shock_high:with {'battles': 32, 'wins': 12, 'losses': 20, 'draws': 0, 'round_cap': 0, 'phases': 96} 162.2s
CONTROLLED 3648 addition:Varn:screen_low:with {'battles': 16, 'wins': 12, 'losses': 4, 'draws': 0, 'round_cap': 0, 'phases': 76} 166.5s
CONTROLLED 3680 addition:Varn:screen_low:with {'battles': 32, 'wins': 20, 'losses': 12, 'draws': 0, 'round_cap': 0, 'phases': 148} 171.2s
CONTROLLED 3712 addition:Varn:screen_high:with {'battles': 16, 'wins': 0, 'losses': 16, 'draws': 0, 'round_cap': 0, 'phases': 66} 177.6s
CONTROLLED 3744 addition:Varn:screen_high:with {'battles': 32, 'wins': 0, 'losses': 32, 'draws': 0, 'round_cap': 0, 'phases': 132} 183.7s
CONTROLLED 3776 addition:Varn:mixed_low:with {'battles': 16, 'wins': 16, 'losses': 0, 'draws': 0, 'round_cap': 0, 'phases': 66} 187.5s
CONTROLLED 3808 addition:Varn:mixed_low:with {'battles': 32, 'wins': 28, 'losses': 4, 'draws': 0, 'round_cap': 0, 'phases': 134} 191.3s
CONTROLLED 3840 addition:Varn:mixed_high:with {'battles': 16, 'wins': 0, 'losses': 16, 'draws': 0, 'round_cap': 0, 'phases': 86} 209.8s
CONTROLLED 3872 addition:Varn:mixed_high:with {'battles': 32, 'wins': 0, 'losses': 32, 'draws': 0, 'round_cap': 0, 'phases': 168} 210.3s
CONTROLLED 3904 addition:Fyra:shock_low:with {'battles': 16, 'wins': 16, 'losses': 0, 'draws': 0, 'round_cap': 0, 'phases': 42} 212.1s
CONTROLLED 3936 addition:Fyra:shock_low:with {'battles': 32, 'wins': 32, 'losses': 0, 'draws': 0, 'round_cap': 0, 'phases': 86} 214.9s
CONTROLLED 3968 addition:Fyra:shock_high:with {'battles': 16, 'wins': 12, 'losses': 4, 'draws': 0, 'round_cap': 0, 'phases': 48} 218.4s
CONTROLLED 4000 addition:Fyra:shock_high:with {'battles': 32, 'wins': 24, 'losses': 8, 'draws': 0, 'round_cap': 0, 'phases': 96} 221.9s
CONTROLLED 4032 addition:Fyra:screen_low:with {'battles': 16, 'wins': 16, 'losses': 0, 'draws': 0, 'round_cap': 0, 'phases': 62} 226.6s
CONTROLLED 4064 addition:Fyra:screen_low:with {'battles': 32, 'wins': 28, 'losses': 4, 'draws': 0, 'round_cap': 0, 'phases': 132} 230.8s
CONTROLLED 4096 addition:Fyra:screen_high:with {'battles': 16, 'wins': 0, 'losses': 16, 'draws': 0, 'round_cap': 0, 'phases': 80} 236.9s
CONTROLLED 4128 addition:Fyra:screen_high:with {'battles': 32, 'wins': 0, 'losses': 32, 'draws': 0, 'round_cap': 0, 'phases': 156} 243.4s
CONTROLLED 4160 addition:Fyra:mixed_low:with {'battles': 16, 'wins': 16, 'losses': 0, 'draws': 0, 'round_cap': 0, 'phases': 70} 247.5s
CONTROLLED 4192 addition:Fyra:mixed_low:with {'battles': 32, 'wins': 28, 'losses': 4, 'draws': 0, 'round_cap': 0, 'phases': 146} 251.5s
CONTROLLED 4224 addition:Fyra:mixed_high:with {'battles': 16, 'wins': 0, 'losses': 16, 'draws': 0, 'round_cap': 0, 'phases': 84} 270.4s
CONTROLLED 4256 addition:Fyra:mixed_high:with {'battles': 32, 'wins': 4, 'losses': 28, 'draws': 0, 'round_cap': 0, 'phases': 174} 270.4s
CONTROLLED 4288 addition:Kopita:shock_low:with {'battles': 16, 'wins': 10, 'losses': 6, 'draws': 0, 'round_cap': 0, 'phases': 56} 273.7s
CONTROLLED 4320 addition:Kopita:shock_low:with {'battles': 32, 'wins': 14, 'losses': 18, 'draws': 0, 'round_cap': 0, 'phases': 120} 277.6s
CONTROLLED 4352 addition:Kopita:shock_high:with {'battles': 16, 'wins': 0, 'losses': 16, 'draws': 0, 'round_cap': 0, 'phases': 66} 282.5s
CONTROLLED 4384 addition:Kopita:shock_high:with {'battles': 32, 'wins': 0, 'losses': 32, 'draws': 0, 'round_cap': 0, 'phases': 128} 287.3s
CONTROLLED 4416 addition:Kopita:screen_low:with {'battles': 16, 'wins': 16, 'losses': 0, 'draws': 0, 'round_cap': 0, 'phases': 68} 292.5s
CONTROLLED 4448 addition:Kopita:screen_low:with {'battles': 32, 'wins': 32, 'losses': 0, 'draws': 0, 'round_cap': 0, 'phases': 140} 297.6s
CONTROLLED 4480 addition:Kopita:screen_high:with {'battles': 16, 'wins': 2, 'losses': 14, 'draws': 0, 'round_cap': 0, 'phases': 88} 305.0s
CONTROLLED 4512 addition:Kopita:screen_high:with {'battles': 32, 'wins': 2, 'losses': 30, 'draws': 0, 'round_cap': 0, 'phases': 168} 312.6s
CONTROLLED 4544 addition:Kopita:mixed_low:with {'battles': 16, 'wins': 16, 'losses': 0, 'draws': 0, 'round_cap': 0, 'phases': 80} 317.4s
CONTROLLED 4576 addition:Kopita:mixed_low:with {'battles': 32, 'wins': 32, 'losses': 0, 'draws': 0, 'round_cap': 0, 'phases': 158} 322.7s
CONTROLLED 4608 addition:Kopita:mixed_high:with {'battles': 16, 'wins': 0, 'losses': 16, 'draws': 0, 'round_cap': 0, 'phases': 94} 343.3s
CONTROLLED 4640 addition:Kopita:mixed_high:with {'battles': 32, 'wins': 0, 'losses': 32, 'draws': 0, 'round_cap': 0, 'phases': 186} 345.5s
CONTROLLED 4672 addition:Tumler:shock_low:with {'battles': 16, 'wins': 16, 'losses': 0, 'draws': 0, 'round_cap': 0, 'phases': 40} 346.3s
CONTROLLED 4704 addition:Tumler:shock_low:with {'battles': 32, 'wins': 30, 'losses': 2, 'draws': 0, 'round_cap': 0, 'phases': 84} 349.5s
CONTROLLED 4736 addition:Tumler:shock_high:with {'battles': 16, 'wins': 6, 'losses': 10, 'draws': 0, 'round_cap': 0, 'phases': 58} 353.1s
CONTROLLED 4768 addition:Tumler:shock_high:with {'battles': 32, 'wins': 18, 'losses': 14, 'draws': 0, 'round_cap': 0, 'phases': 108} 357.4s
CONTROLLED 4800 addition:Tumler:screen_low:with {'battles': 16, 'wins': 16, 'losses': 0, 'draws': 0, 'round_cap': 0, 'phases': 68} 362.1s
CONTROLLED 4832 addition:Tumler:screen_low:with {'battles': 32, 'wins': 32, 'losses': 0, 'draws': 0, 'round_cap': 0, 'phases': 134} 366.9s
CONTROLLED 4864 addition:Tumler:screen_high:with {'battles': 16, 'wins': 0, 'losses': 16, 'draws': 0, 'round_cap': 0, 'phases': 84} 373.6s
CONTROLLED 4896 addition:Tumler:screen_high:with {'battles': 32, 'wins': 0, 'losses': 32, 'draws': 0, 'round_cap': 0, 'phases': 166} 381.1s
CONTROLLED 4928 addition:Tumler:mixed_low:with {'battles': 16, 'wins': 16, 'losses': 0, 'draws': 0, 'round_cap': 0, 'phases': 64} 386.3s
CONTROLLED 4960 addition:Tumler:mixed_low:with {'battles': 32, 'wins': 32, 'losses': 0, 'draws': 0, 'round_cap': 0, 'phases': 128} 391.0s
CONTROLLED 4992 addition:Tumler:mixed_high:with {'battles': 16, 'wins': 0, 'losses': 16, 'draws': 0, 'round_cap': 0, 'phases': 82} 407.6s
CONTROLLED 5024 addition:Tumler:mixed_high:with {'battles': 32, 'wins': 0, 'losses': 32, 'draws': 0, 'round_cap': 0, 'phases': 168} 411.3s
CONTROLLED 5056 addition:Kurchin:shock_low:with {'battles': 16, 'wins': 16, 'losses': 0, 'draws': 0, 'round_cap': 0, 'phases': 48} 413.6s
CONTROLLED 5088 addition:Kurchin:shock_low:with {'battles': 32, 'wins': 32, 'losses': 0, 'draws': 0, 'round_cap': 0, 'phases': 96} 417.9s
CONTROLLED 5120 addition:Kurchin:shock_high:with {'battles': 16, 'wins': 16, 'losses': 0, 'draws': 0, 'round_cap': 0, 'phases': 56} 423.4s
CONTROLLED 5152 addition:Kurchin:shock_high:with {'battles': 32, 'wins': 32, 'losses': 0, 'draws': 0, 'round_cap': 0, 'phases': 114} 430.1s
CONTROLLED 5184 addition:Kurchin:screen_low:with {'battles': 16, 'wins': 16, 'losses': 0, 'draws': 0, 'round_cap': 0, 'phases': 66} 436.7s
CONTROLLED 5216 addition:Kurchin:screen_low:with {'battles': 32, 'wins': 32, 'losses': 0, 'draws': 0, 'round_cap': 0, 'phases': 130} 442.5s
CONTROLLED 5248 addition:Kurchin:screen_high:with {'battles': 16, 'wins': 14, 'losses': 2, 'draws': 0, 'round_cap': 0, 'phases': 92} 452.2s
CONTROLLED 5280 addition:Kurchin:screen_high:with {'battles': 32, 'wins': 26, 'losses': 6, 'draws': 0, 'round_cap': 0, 'phases': 188} 461.3s
CONTROLLED 5312 addition:Kurchin:mixed_low:with {'battles': 16, 'wins': 16, 'losses': 0, 'draws': 0, 'round_cap': 0, 'phases': 76} 465.4s
CONTROLLED 5344 addition:Kurchin:mixed_low:with {'battles': 32, 'wins': 32, 'losses': 0, 'draws': 0, 'round_cap': 0, 'phases': 156} 471.9s
CONTROLLED 5376 addition:Kurchin:mixed_high:with {'battles': 16, 'wins': 16, 'losses': 0, 'draws': 0, 'round_cap': 0, 'phases': 96} 486.6s
CONTROLLED 5408 addition:Kurchin:mixed_high:with {'battles': 32, 'wins': 32, 'losses': 0, 'draws': 0, 'round_cap': 0, 'phases': 196} 492.7s
CONTROLLED 5440 addition:Muno:shock_low:with {'battles': 16, 'wins': 10, 'losses': 6, 'draws': 0, 'round_cap': 0, 'phases': 54} 493.6s
CONTROLLED 5472 addition:Muno:shock_low:with {'battles': 32, 'wins': 22, 'losses': 10, 'draws': 0, 'round_cap': 0, 'phases': 106} 496.6s
CONTROLLED 5504 addition:Muno:shock_high:with {'battles': 16, 'wins': 4, 'losses': 12, 'draws': 0, 'round_cap': 0, 'phases': 60} 500.7s
CONTROLLED 5536 addition:Muno:shock_high:with {'battles': 32, 'wins': 10, 'losses': 22, 'draws': 0, 'round_cap': 0, 'phases': 118} 504.9s
CONTROLLED 5568 addition:Muno:screen_low:with {'battles': 16, 'wins': 16, 'losses': 0, 'draws': 0, 'round_cap': 0, 'phases': 64} 509.7s
CONTROLLED 5600 addition:Muno:screen_low:with {'battles': 32, 'wins': 32, 'losses': 0, 'draws': 0, 'round_cap': 0, 'phases': 128} 513.6s
CONTROLLED 5632 addition:Muno:screen_high:with {'battles': 16, 'wins': 0, 'losses': 16, 'draws': 0, 'round_cap': 0, 'phases': 80} 520.6s
CONTROLLED 5664 addition:Muno:screen_high:with {'battles': 32, 'wins': 0, 'losses': 32, 'draws': 0, 'round_cap': 0, 'phases': 162} 527.3s
CONTROLLED 5696 addition:Muno:mixed_low:with {'battles': 16, 'wins': 16, 'losses': 0, 'draws': 0, 'round_cap': 0, 'phases': 70} 531.6s
CONTROLLED 5728 addition:Muno:mixed_low:with {'battles': 32, 'wins': 32, 'losses': 0, 'draws': 0, 'round_cap': 0, 'phases': 144} 535.6s
CONTROLLED 5760 addition:Muno:mixed_high:with {'battles': 16, 'wins': 0, 'losses': 16, 'draws': 0, 'round_cap': 0, 'phases': 102} 558.3s
CONTROLLED 5792 addition:Muno:mixed_high:with {'battles': 32, 'wins': 0, 'losses': 32, 'draws': 0, 'round_cap': 0, 'phases': 200} 558.3s
CONTROLLED 5824 addition:Dotra:shock_low:with {'battles': 16, 'wins': 16, 'losses': 0, 'draws': 0, 'round_cap': 0, 'phases': 32} 558.3s
CONTROLLED 5856 addition:Dotra:shock_low:with {'battles': 32, 'wins': 32, 'losses': 0, 'draws': 0, 'round_cap': 0, 'phases': 64} 560.9s
CONTROLLED 5888 addition:Dotra:shock_high:with {'battles': 16, 'wins': 14, 'losses': 2, 'draws': 0, 'round_cap': 0, 'phases': 42} 564.7s
CONTROLLED 5920 addition:Dotra:shock_high:with {'battles': 32, 'wins': 28, 'losses': 4, 'draws': 0, 'round_cap': 0, 'phases': 86} 568.7s
CONTROLLED 5952 addition:Dotra:screen_low:with {'battles': 16, 'wins': 16, 'losses': 0, 'draws': 0, 'round_cap': 0, 'phases': 48} 572.8s
CONTROLLED 5984 addition:Dotra:screen_low:with {'battles': 32, 'wins': 32, 'losses': 0, 'draws': 0, 'round_cap': 0, 'phases': 100} 576.6s
CONTROLLED 6016 addition:Dotra:screen_high:with {'battles': 16, 'wins': 8, 'losses': 8, 'draws': 0, 'round_cap': 0, 'phases': 82} 582.8s
CONTROLLED 6048 addition:Dotra:screen_high:with {'battles': 32, 'wins': 10, 'losses': 22, 'draws': 0, 'round_cap': 0, 'phases': 174} 588.5s
CONTROLLED 6080 addition:Dotra:mixed_low:with {'battles': 16, 'wins': 16, 'losses': 0, 'draws': 0, 'round_cap': 0, 'phases': 64} 592.7s
CONTROLLED 6112 addition:Dotra:mixed_low:with {'battles': 32, 'wins': 32, 'losses': 0, 'draws': 0, 'round_cap': 0, 'phases': 124} 596.6s
CONTROLLED 6144 addition:Dotra:mixed_high:with {'battles': 16, 'wins': 2, 'losses': 14, 'draws': 0, 'round_cap': 0, 'phases': 100} 615.1s
CONTROLLED 6176 addition:Dotra:mixed_high:with {'battles': 32, 'wins': 4, 'losses': 28, 'draws': 0, 'round_cap': 0, 'phases': 196} 615.1s
CONTROLLED 6208 addition:Sooge:shock_low:with {'battles': 16, 'wins': 16, 'losses': 0, 'draws': 0, 'round_cap': 0, 'phases': 46} 616.7s
CONTROLLED 6240 addition:Sooge:shock_low:with {'battles': 32, 'wins': 30, 'losses': 2, 'draws': 0, 'round_cap': 0, 'phases': 94} 620.2s
CONTROLLED 6272 addition:Sooge:shock_high:with {'battles': 16, 'wins': 6, 'losses': 10, 'draws': 0, 'round_cap': 0, 'phases': 62} 625.1s
CONTROLLED 6304 addition:Sooge:shock_high:with {'battles': 32, 'wins': 12, 'losses': 20, 'draws': 0, 'round_cap': 0, 'phases': 118} 629.3s
CONTROLLED 6336 addition:Sooge:screen_low:with {'battles': 16, 'wins': 16, 'losses': 0, 'draws': 0, 'round_cap': 0, 'phases': 72} 634.1s
CONTROLLED 6368 addition:Sooge:screen_low:with {'battles': 32, 'wins': 32, 'losses': 0, 'draws': 0, 'round_cap': 0, 'phases': 138} 638.4s
CONTROLLED 6400 addition:Sooge:screen_high:with {'battles': 16, 'wins': 0, 'losses': 16, 'draws': 0, 'round_cap': 0, 'phases': 84} 646.0s
CONTROLLED 6432 addition:Sooge:screen_high:with {'battles': 32, 'wins': 0, 'losses': 32, 'draws': 0, 'round_cap': 0, 'phases': 166} 653.1s
CONTROLLED 6464 addition:Sooge:mixed_low:with {'battles': 16, 'wins': 16, 'losses': 0, 'draws': 0, 'round_cap': 0, 'phases': 70} 658.0s
CONTROLLED 6496 addition:Sooge:mixed_low:with {'battles': 32, 'wins': 32, 'losses': 0, 'draws': 0, 'round_cap': 0, 'phases': 136} 662.2s
CONTROLLED 6528 addition:Sooge:mixed_high:with {'battles': 16, 'wins': 2, 'losses': 14, 'draws': 0, 'round_cap': 0, 'phases': 112} 682.9s
CONTROLLED 6560 addition:Sooge:mixed_high:with {'battles': 32, 'wins': 6, 'losses': 26, 'draws': 0, 'round_cap': 0, 'phases': 206} 684.1s
CONTROLLED 6592 addition:Sinodek:shock_low:with {'battles': 16, 'wins': 16, 'losses': 0, 'draws': 0, 'round_cap': 0, 'phases': 44} 684.3s
CONTROLLED 6624 addition:Sinodek:shock_low:with {'battles': 32, 'wins': 32, 'losses': 0, 'draws': 0, 'round_cap': 0, 'phases': 92} 688.1s
CONTROLLED 6656 addition:Sinodek:shock_high:with {'battles': 16, 'wins': 8, 'losses': 8, 'draws': 0, 'round_cap': 0, 'phases': 58} 692.4s
CONTROLLED 6688 addition:Sinodek:shock_high:with {'battles': 32, 'wins': 20, 'losses': 12, 'draws': 0, 'round_cap': 0, 'phases': 114} 697.2s
CONTROLLED 6720 addition:Sinodek:screen_low:with {'battles': 16, 'wins': 16, 'losses': 0, 'draws': 0, 'round_cap': 0, 'phases': 82} 702.5s
CONTROLLED 6752 addition:Sinodek:screen_low:with {'battles': 32, 'wins': 32, 'losses': 0, 'draws': 0, 'round_cap': 0, 'phases': 148} 708.1s
CONTROLLED 6784 addition:Sinodek:screen_high:with {'battles': 16, 'wins': 0, 'losses': 16, 'draws': 0, 'round_cap': 0, 'phases': 90} 716.0s
CONTROLLED 6816 addition:Sinodek:screen_high:with {'battles': 32, 'wins': 4, 'losses': 28, 'draws': 0, 'round_cap': 0, 'phases': 176} 724.5s
CONTROLLED 6848 addition:Sinodek:mixed_low:with {'battles': 16, 'wins': 16, 'losses': 0, 'draws': 0, 'round_cap': 0, 'phases': 72} 729.6s
CONTROLLED 6880 addition:Sinodek:mixed_low:with {'battles': 32, 'wins': 32, 'losses': 0, 'draws': 0, 'round_cap': 0, 'phases': 152} 734.9s
CONTROLLED 6912 addition:Sinodek:mixed_high:with {'battles': 16, 'wins': 8, 'losses': 8, 'draws': 0, 'round_cap': 0, 'phases': 96} 754.4s
CONTROLLED 6944 addition:Sinodek:mixed_high:with {'battles': 32, 'wins': 16, 'losses': 14, 'draws': 2, 'round_cap': 0, 'phases': 198} 755.9s
Saved 6944 battles: /workspace/scratch/feea0e9fb8a9/monster-wholesale-20260920/controlled.json.gz
