PARITY addition:Lemek:mixed_high:without:monster-audit:0:2
PARITY addition:Lemek:mixed_high:without:monster-audit:0:5
PARITY addition:Lemek:mixed_high:with:monster-audit:0:2
PARITY addition:Lemek:mixed_high:with:monster-audit:0:6
PARITY addition:Varn:mixed_high:without:monster-audit:0:2
PARITY addition:Varn:mixed_high:without:monster-audit:0:6
PARITY addition:Varn:mixed_high:with:monster-audit:0:2
PARITY addition:Varn:mixed_high:with:monster-audit:0:7
PARITY addition:Fyra:mixed_high:without:monster-audit:0:2
PARITY addition:Fyra:mixed_high:without:monster-audit:0:9
PARITY addition:Fyra:mixed_high:with:monster-audit:0:2
PARITY addition:Fyra:mixed_high:with:monster-audit:0:7
PARITY addition:Kopita:mixed_high:without:monster-audit:0:2
PARITY addition:Kopita:mixed_high:without:monster-audit:0:6
PARITY addition:Kopita:mixed_high:with:monster-audit:0:2
PARITY addition:Kopita:mixed_high:with:monster-audit:0:7
PARITY addition:Tumler:mixed_high:without:monster-audit:0:2
PARITY addition:Tumler:mixed_high:without:monster-audit:0:6
PARITY addition:Tumler:mixed_high:with:monster-audit:0:2
PARITY addition:Tumler:mixed_high:with:monster-audit:0:6
PARITY addition:Kurchin:mixed_high:without:monster-audit:0:2
PARITY addition:Kurchin:mixed_high:without:monster-audit:0:5
PARITY addition:Kurchin:mixed_high:with:monster-audit:0:2
PARITY addition:Kurchin:mixed_high:with:monster-audit:0:7
PARITY addition:Muno:mixed_high:without:monster-audit:0:2
PARITY addition:Muno:mixed_high:without:monster-audit:0:6
PARITY addition:Muno:mixed_high:with:monster-audit:0:2
PARITY addition:Muno:mixed_high:with:monster-audit:0:7
PARITY addition:Dotra:mixed_high:without:monster-audit:0:2
PARITY addition:Dotra:mixed_high:without:monster-audit:0:6
PARITY addition:Dotra:mixed_high:with:monster-audit:0:2
PARITY addition:Dotra:mixed_high:with:monster-audit:0:7
PARITY addition:Sooge:mixed_high:without:monster-audit:0:2
PARITY addition:Sooge:mixed_high:without:monster-audit:0:6
PARITY addition:Sooge:mixed_high:with:monster-audit:0:2
PARITY addition:Sooge:mixed_high:with:monster-audit:0:7
PARITY addition:Sinodek:mixed_high:without:monster-audit:0:2
PARITY addition:Sinodek:mixed_high:without:monster-audit:0:10
PARITY addition:Sinodek:mixed_high:with:monster-audit:0:2
PARITY addition:Sinodek:mixed_high:with:monster-audit:0:6
{"phases": 40, "ticks": 8000, "complete_world_and_events_match": true}
