Godot Engine v4.5.1.stable.official.f62fdbde1 - https://godotengine.org

EXPORTED single:Penitent:Butcher · 32
EXPORTED single:Penitent:Vulture · 64
EXPORTED single:Penitent:Wright · 96
EXPORTED single:Penitent:Lemek · 128
EXPORTED single:Penitent:Varn · 160
EXPORTED single:Penitent:Fyra · 192
EXPORTED single:Penitent:Kopita · 224
EXPORTED single:Penitent:Tumler · 256
EXPORTED single:Penitent:Kurchin · 288
EXPORTED single:Penitent:Muno · 320
EXPORTED single:Penitent:Dotra · 352
EXPORTED single:Penitent:Sooge · 384
EXPORTED single:Penitent:Sinodek · 416
EXPORTED single:Butcher:Vulture · 448
EXPORTED single:Butcher:Wright · 480
EXPORTED single:Butcher:Lemek · 512
EXPORTED single:Butcher:Varn · 544
EXPORTED single:Butcher:Fyra · 576
EXPORTED single:Butcher:Kopita · 608
EXPORTED single:Butcher:Tumler · 640
EXPORTED single:Butcher:Kurchin · 672
EXPORTED single:Butcher:Muno · 704
EXPORTED single:Butcher:Dotra · 736
EXPORTED single:Butcher:Sooge · 768
EXPORTED single:Butcher:Sinodek · 800
EXPORTED single:Vulture:Wright · 832
EXPORTED single:Vulture:Lemek · 864
EXPORTED single:Vulture:Varn · 896
EXPORTED single:Vulture:Fyra · 928
EXPORTED single:Vulture:Kopita · 960
EXPORTED single:Vulture:Tumler · 992
EXPORTED single:Vulture:Kurchin · 1024
EXPORTED single:Vulture:Muno · 1056
EXPORTED single:Vulture:Dotra · 1088
EXPORTED single:Vulture:Sooge · 1120
EXPORTED single:Vulture:Sinodek · 1152
EXPORTED single:Wright:Lemek · 1184
EXPORTED single:Wright:Varn · 1216
EXPORTED single:Wright:Fyra · 1248
EXPORTED single:Wright:Kopita · 1280
EXPORTED single:Wright:Tumler · 1312
EXPORTED single:Wright:Kurchin · 1344
EXPORTED single:Wright:Muno · 1376
EXPORTED single:Wright:Dotra · 1408
EXPORTED single:Wright:Sooge · 1440
EXPORTED single:Wright:Sinodek · 1472
EXPORTED single:Lemek:Varn · 1504
EXPORTED single:Lemek:Fyra · 1536
EXPORTED single:Lemek:Kopita · 1568
EXPORTED single:Lemek:Tumler · 1600
EXPORTED single:Lemek:Kurchin · 1632
EXPORTED single:Lemek:Muno · 1664
EXPORTED single:Lemek:Dotra · 1696
EXPORTED single:Lemek:Sooge · 1728
EXPORTED single:Lemek:Sinodek · 1760
EXPORTED single:Varn:Fyra · 1792
EXPORTED single:Varn:Kopita · 1824
EXPORTED single:Varn:Tumler · 1856
EXPORTED single:Varn:Kurchin · 1888
EXPORTED single:Varn:Muno · 1920
EXPORTED single:Varn:Dotra · 1952
EXPORTED single:Varn:Sooge · 1984
EXPORTED single:Varn:Sinodek · 2016
EXPORTED single:Fyra:Kopita · 2048
EXPORTED single:Fyra:Tumler · 2080
EXPORTED single:Fyra:Kurchin · 2112
EXPORTED single:Fyra:Muno · 2144
EXPORTED single:Fyra:Dotra · 2176
EXPORTED single:Fyra:Sooge · 2208
EXPORTED single:Fyra:Sinodek · 2240
EXPORTED single:Kopita:Tumler · 2272
EXPORTED single:Kopita:Kurchin · 2304
EXPORTED single:Kopita:Muno · 2336
EXPORTED single:Kopita:Dotra · 2368
EXPORTED single:Kopita:Sooge · 2400
EXPORTED single:Kopita:Sinodek · 2432
EXPORTED single:Tumler:Kurchin · 2464
EXPORTED single:Tumler:Muno · 2496
EXPORTED single:Tumler:Dotra · 2528
EXPORTED single:Tumler:Sooge · 2560
EXPORTED single:Tumler:Sinodek · 2592
EXPORTED single:Kurchin:Muno · 2624
EXPORTED single:Kurchin:Dotra · 2656
EXPORTED single:Kurchin:Sooge · 2688
EXPORTED single:Kurchin:Sinodek · 2720
EXPORTED single:Muno:Dotra · 2752
EXPORTED single:Muno:Sooge · 2784
EXPORTED single:Muno:Sinodek · 2816
EXPORTED single:Dotra:Sooge · 2848
EXPORTED single:Dotra:Sinodek · 2880
EXPORTED single:Sooge:Sinodek · 2912
EXPORTED squad:Penitent:Butcher · 2944
EXPORTED squad:Penitent:Vulture · 2976
EXPORTED squad:Penitent:Wright · 3008
EXPORTED squad:Butcher:Vulture · 3040
EXPORTED squad:Butcher:Wright · 3072
EXPORTED squad:Vulture:Wright · 3104
EXPORTED addition:Lemek:shock_low · 3168
EXPORTED addition:Lemek:shock_high · 3232
EXPORTED addition:Lemek:screen_low · 3296
EXPORTED addition:Lemek:screen_high · 3360
EXPORTED addition:Lemek:mixed_low · 3424
EXPORTED addition:Lemek:mixed_high · 3488
EXPORTED addition:Varn:shock_low · 3552
EXPORTED addition:Varn:shock_high · 3616
EXPORTED addition:Varn:screen_low · 3680
EXPORTED addition:Varn:screen_high · 3744
EXPORTED addition:Varn:mixed_low · 3808
EXPORTED addition:Varn:mixed_high · 3872
EXPORTED addition:Fyra:shock_low · 3936
EXPORTED addition:Fyra:shock_high · 4000
EXPORTED addition:Fyra:screen_low · 4064
EXPORTED addition:Fyra:screen_high · 4128
EXPORTED addition:Fyra:mixed_low · 4192
EXPORTED addition:Fyra:mixed_high · 4256
EXPORTED addition:Kopita:shock_low · 4320
EXPORTED addition:Kopita:shock_high · 4384
EXPORTED addition:Kopita:screen_low · 4448
EXPORTED addition:Kopita:screen_high · 4512
EXPORTED addition:Kopita:mixed_low · 4576
EXPORTED addition:Kopita:mixed_high · 4640
EXPORTED addition:Tumler:shock_low · 4704
EXPORTED addition:Tumler:shock_high · 4768
EXPORTED addition:Tumler:screen_low · 4832
EXPORTED addition:Tumler:screen_high · 4896
EXPORTED addition:Tumler:mixed_low · 4960
EXPORTED addition:Tumler:mixed_high · 5024
EXPORTED addition:Kurchin:shock_low · 5088
EXPORTED addition:Kurchin:shock_high · 5152
EXPORTED addition:Kurchin:screen_low · 5216
EXPORTED addition:Kurchin:screen_high · 5280
EXPORTED addition:Kurchin:mixed_low · 5344
EXPORTED addition:Kurchin:mixed_high · 5408
EXPORTED addition:Muno:shock_low · 5472
EXPORTED addition:Muno:shock_high · 5536
EXPORTED addition:Muno:screen_low · 5600
EXPORTED addition:Muno:screen_high · 5664
EXPORTED addition:Muno:mixed_low · 5728
EXPORTED addition:Muno:mixed_high · 5792
EXPORTED addition:Dotra:shock_low · 5856
EXPORTED addition:Dotra:shock_high · 5920
EXPORTED addition:Dotra:screen_low · 5984
EXPORTED addition:Dotra:screen_high · 6048
EXPORTED addition:Dotra:mixed_low · 6112
EXPORTED addition:Dotra:mixed_high · 6176
EXPORTED addition:Sooge:shock_low · 6240
EXPORTED addition:Sooge:shock_high · 6304
EXPORTED addition:Sooge:screen_low · 6368
EXPORTED addition:Sooge:screen_high · 6432
EXPORTED addition:Sooge:mixed_low · 6496
EXPORTED addition:Sooge:mixed_high · 6560
EXPORTED addition:Sinodek:shock_low · 6624
EXPORTED addition:Sinodek:shock_high · 6688
EXPORTED addition:Sinodek:screen_low · 6752
EXPORTED addition:Sinodek:screen_high · 6816
EXPORTED addition:Sinodek:mixed_low · 6880
EXPORTED addition:Sinodek:mixed_high · 6944
