Godot Engine v4.5.1.stable.official.f62fdbde1 - https://godotengine.org

HASHED addition:Lemek:mixed_high:without:monster-audit:0:2
HASHED addition:Lemek:mixed_high:without:monster-audit:0:5
HASHED addition:Lemek:mixed_high:with:monster-audit:0:2
HASHED addition:Lemek:mixed_high:with:monster-audit:0:6
HASHED addition:Varn:mixed_high:without:monster-audit:0:2
HASHED addition:Varn:mixed_high:without:monster-audit:0:6
HASHED addition:Varn:mixed_high:with:monster-audit:0:2
HASHED addition:Varn:mixed_high:with:monster-audit:0:7
HASHED addition:Fyra:mixed_high:without:monster-audit:0:2
HASHED addition:Fyra:mixed_high:without:monster-audit:0:9
HASHED addition:Fyra:mixed_high:with:monster-audit:0:2
HASHED addition:Fyra:mixed_high:with:monster-audit:0:7
HASHED addition:Kopita:mixed_high:without:monster-audit:0:2
HASHED addition:Kopita:mixed_high:without:monster-audit:0:6
HASHED addition:Kopita:mixed_high:with:monster-audit:0:2
HASHED addition:Kopita:mixed_high:with:monster-audit:0:7
HASHED addition:Tumler:mixed_high:without:monster-audit:0:2
HASHED addition:Tumler:mixed_high:without:monster-audit:0:6
HASHED addition:Tumler:mixed_high:with:monster-audit:0:2
HASHED addition:Tumler:mixed_high:with:monster-audit:0:6
HASHED addition:Kurchin:mixed_high:without:monster-audit:0:2
HASHED addition:Kurchin:mixed_high:without:monster-audit:0:5
HASHED addition:Kurchin:mixed_high:with:monster-audit:0:2
HASHED addition:Kurchin:mixed_high:with:monster-audit:0:7
HASHED addition:Muno:mixed_high:without:monster-audit:0:2
HASHED addition:Muno:mixed_high:without:monster-audit:0:6
HASHED addition:Muno:mixed_high:with:monster-audit:0:2
HASHED addition:Muno:mixed_high:with:monster-audit:0:7
HASHED addition:Dotra:mixed_high:without:monster-audit:0:2
HASHED addition:Dotra:mixed_high:without:monster-audit:0:6
HASHED addition:Dotra:mixed_high:with:monster-audit:0:2
HASHED addition:Dotra:mixed_high:with:monster-audit:0:7
HASHED addition:Sooge:mixed_high:without:monster-audit:0:2
HASHED addition:Sooge:mixed_high:without:monster-audit:0:6
HASHED addition:Sooge:mixed_high:with:monster-audit:0:2
HASHED addition:Sooge:mixed_high:with:monster-audit:0:7
HASHED addition:Sinodek:mixed_high:without:monster-audit:0:2
HASHED addition:Sinodek:mixed_high:without:monster-audit:0:10
HASHED addition:Sinodek:mixed_high:with:monster-audit:0:2
HASHED addition:Sinodek:mixed_high:with:monster-audit:0:6
