PARITY lane-f881e7ec-e3aebe70:False:5
PARITY lane-f881e7ec-e3aebe70:False:20
PARITY lane-f881e7ec-e3aebe70:True:5
PARITY lane-f881e7ec-e3aebe70:True:20
PARITY lane-30d27b94-0258ddb4:False:5
PARITY lane-30d27b94-0258ddb4:False:20
PARITY lane-30d27b94-0258ddb4:True:5
PARITY lane-30d27b94-0258ddb4:True:20
PARITY monster-mixed:2:False:5
PARITY monster-mixed:2:False:20
PARITY monster-mixed:2:True:5
PARITY monster-mixed:2:True:20
PARITY monster-mixed:3:False:5
PARITY monster-mixed:3:False:20
PARITY monster-mixed:3:True:5
PARITY monster-mixed:3:True:20
PARITY monster-mixed:4:False:5
PARITY monster-mixed:4:False:20
PARITY monster-mixed:4:True:5
PARITY monster-mixed:4:True:20
PARITY monster-mixed:5:False:5
PARITY monster-mixed:5:False:20
PARITY monster-mixed:5:True:5
PARITY monster-mixed:5:True:20
PARITY monster-mixed:6:False:5
PARITY monster-mixed:6:False:20
PARITY monster-mixed:6:True:5
PARITY monster-mixed:6:True:20
PARITY monster-mixed:7:False:5
PARITY monster-mixed:7:False:20
PARITY monster-mixed:7:True:5
PARITY monster-mixed:7:True:20
PARITY monster-mixed:8:False:5
PARITY monster-mixed:8:False:20
PARITY monster-mixed:8:True:5
PARITY monster-mixed:8:True:20
PARITY monster-mixed:9:False:5
PARITY monster-mixed:9:False:20
PARITY monster-mixed:9:True:5
PARITY monster-mixed:9:True:20
PARITY monster-mixed:10:False:5
PARITY monster-mixed:10:False:20
PARITY monster-mixed:10:True:5
PARITY monster-mixed:10:True:20
PARITY monster-mixed:11:False:5
PARITY monster-mixed:11:False:20
PARITY monster-mixed:11:True:5
PARITY monster-mixed:11:True:20
PARITY monster-mixed:12:False:5
PARITY monster-mixed:12:False:20
PARITY monster-mixed:12:True:5
PARITY monster-mixed:12:True:20
PARITY monster-mixed:13:False:5
PARITY monster-mixed:13:False:20
PARITY monster-mixed:13:True:5
PARITY monster-mixed:13:True:20
PARITY monster-mixed:14:False:5
PARITY monster-mixed:14:False:20
PARITY monster-mixed:14:True:5
PARITY monster-mixed:14:True:20
PARITY monster-mixed:15:False:5
PARITY monster-mixed:15:False:20
PARITY monster-mixed:15:True:5
PARITY monster-mixed:15:True:20
{"phases": 64, "ticks": 12800, "complete_world_and_events_match": true}
