{
  "phases": 75,
  "events": 15730,
  "ticks": 15000,
  "event_types": {
    "KRONI_ACTORS_STARTED": 1,
    "KRONI_ACTOR_FINISHED": 1,
    "KRONI_ACTOR_TICK": 200,
    "KRONI_FLEE_STARTED": 1,
    "MARCHER_DEFEATED": 7,
    "MARCHER_DEVOURED": 1,
    "MARCHER_MELEE_ATTACK": 157,
    "MARCHER_RANGED_ATTACK": 63,
    "MARCHER_WAITING": 8,
    "MARCHING_FINISHED": 75,
    "MARCHING_STARTED": 75,
    "MARCHING_TICK": 15000,
    "MONSTER_ATTACK": 33,
    "MONSTER_BANISHED": 11,
    "MONSTER_BEAM_DETONATED": 9,
    "MONSTER_BEAM_FIRED": 8,
    "MONSTER_BURROW_CREATED": 15,
    "MONSTER_BURROW_EMERGED": 15,
    "MONSTER_CHARMED": 2,
    "MONSTER_CONCEALMENT": 15,
    "MONSTER_FIELD_CREATED": 7,
    "MONSTER_PULSE": 12,
    "MONSTER_ROOTED": 1,
    "NEUTRAL_TEAR_CREATED": 1,
    "PICKING_THE_BONES": 1,
    "WRIGHT_BUILD_ASSIGNED": 11
  }
}
