Godot Engine v4.5.1.stable.official.f62fdbde1 - https://godotengine.org

PASS kopita_heal_then_harm_0 resolves
PASS kopita_heal_then_harm_0 keeps valid unit and field state
PASS kopita_heal_then_harm_0 deterministic replay
PASS Kopita reevaluates wounds at each pulse and switches to harm once everyone is healthy
PASS healing and harm each apply exactly one point
PASS both pulses build a valid replay
PASS second pulse lands around ten seconds on the 15-second test clock
PASS second pulse appears at its own recorded time
PASS kopita_harm_then_heal_0 resolves
PASS kopita_harm_then_heal_0 keeps valid unit and field state
PASS kopita_harm_then_heal_0 deterministic replay
PASS damage taken during the round makes the second pulse heal
PASS kopita_wound_selection_range_0 resolves
PASS kopita_wound_selection_range_0 keeps valid unit and field state
PASS kopita_wound_selection_range_0 deterministic replay
PASS only a wounded ally within the true radius selects healing
PASS kopita_woken_birth_hold_0 resolves
PASS kopita_woken_birth_hold_0 keeps valid unit and field state
PASS kopita_woken_birth_hold_0 deterministic replay
PASS being attacked cannot bypass the birth hold to cast the later pulse
PASS kopita_heal_then_harm_1 resolves
PASS kopita_heal_then_harm_1 keeps valid unit and field state
PASS kopita_heal_then_harm_1 deterministic replay
PASS Kopita reevaluates wounds at each pulse and switches to harm once everyone is healthy
PASS healing and harm each apply exactly one point
PASS both pulses build a valid replay
PASS second pulse lands around ten seconds on the 15-second test clock
PASS second pulse appears at its own recorded time
PASS kopita_harm_then_heal_1 resolves
PASS kopita_harm_then_heal_1 keeps valid unit and field state
PASS kopita_harm_then_heal_1 deterministic replay
PASS damage taken during the round makes the second pulse heal
PASS kopita_wound_selection_range_1 resolves
PASS kopita_wound_selection_range_1 keeps valid unit and field state
PASS kopita_wound_selection_range_1 deterministic replay
PASS only a wounded ally within the true radius selects healing
PASS kopita_woken_birth_hold_1 resolves
PASS kopita_woken_birth_hold_1 keeps valid unit and field state
PASS kopita_woken_birth_hold_1 deterministic replay
PASS being attacked cannot bypass the birth hold to cast the later pulse
PASS first scheduled pulse occurs
PASS save transport retains the pulse clock
PASS reload cannot duplicate a pulse or cast between scheduled times
PASS reload cannot duplicate a pulse or cast between scheduled times
PASS reload cannot duplicate a pulse or cast between scheduled times
PASS reload preserves the second pulse's single heal
PASS the second pulse cannot be repeated
PASS a new round starts a fresh pair of pulse opportunities
PASS invalid pulse counters are rejected
PASS invalid pulse counters are rejected
PASS invalid pulse counters are rejected
PASS invalid pulse counters are rejected
PASS invalid pulse counters are rejected
PASS invalid pulse counters are rejected
PASS invalid pulse counters are rejected
PASS invalid pulse counters are rejected
PASS invalid pulse counters are rejected
PASS invalid pulse counters are rejected
U13 responsive pulse check failures: 0
