PARITY lane-f881e7ec-e3aebe70:False:5
PARITY lane-f881e7ec-e3aebe70:False:20
PARITY lane-f881e7ec-e3aebe70:True:5
PARITY lane-f881e7ec-e3aebe70:True:20
PARITY lane-30d27b94-0258ddb4:False:5
PARITY lane-30d27b94-0258ddb4:False:20
PARITY lane-30d27b94-0258ddb4:True:5
PARITY lane-30d27b94-0258ddb4:True:20
PARITY monster-mixed:2:False:5
PARITY monster-mixed:2:False:20
PARITY monster-mixed:2:True:5
PARITY monster-mixed:2:True:20
PARITY monster-mixed:3:False:5
PARITY monster-mixed:3:False:20
PARITY monster-mixed:3:True:5
PARITY monster-mixed:3:True:20
PARITY monster-mixed:4:False:5
PARITY monster-mixed:4:False:20
PARITY monster-mixed:4:True:5
PARITY monster-mixed:4:True:20
PARITY monster-mixed:5:False:5
PARITY monster-mixed:5:False:20
PARITY monster-mixed:5:True:5
PARITY monster-mixed:5:True:20
PARITY monster-mixed:6:False:5
PARITY monster-mixed:6:False:20
PARITY monster-mixed:6:True:5
PARITY monster-mixed:6:True:20
PARITY monster-mixed:7:False:5
PARITY monster-mixed:7:False:20
PARITY monster-mixed:7:True:5
PARITY monster-mixed:7:True:20
{"phases": 32, "ticks": 6400, "complete_world_and_events_match": true}
