Godot Engine v4.5.1.stable.official.f62fdbde1 - https://godotengine.org

PASS shroud_fight_0 resolves
PASS shroud_fight_0 keeps valid unit and field state
PASS shroud_fight_0 deterministic replay
PASS ambush reveals Dotra and immediately starts 67 ticks of untargetability
PASS Dotra keeps fighting while untargetable
PASS both melee and ranged enemies leave Dotra alone throughout the window
PASS his ally draws both melee attacks and ranged fire
PASS enemies can acquire Dotra again after the window ends
PASS shroud preserves the emergence exposure pulse
PASS shroud playback builds
PASS visible Dotra has an untargetability marker immediately after emergence
PASS the marker expires on the exact recorded tick
PASS both lane views draw the shroud for either seat
PASS reset clears shroud feedback
PASS both lane views draw the shroud for either seat
PASS reset clears shroud feedback
PASS shroud_fight_1 resolves
PASS shroud_fight_1 keeps valid unit and field state
PASS shroud_fight_1 deterministic replay
PASS ambush reveals Dotra and immediately starts 67 ticks of untargetability
PASS Dotra keeps fighting while untargetable
PASS both melee and ranged enemies leave Dotra alone throughout the window
PASS his ally draws both melee attacks and ranged fire
PASS enemies can acquire Dotra again after the window ends
PASS shroud preserves the emergence exposure pulse
PASS shroud playback builds
PASS visible Dotra has an untargetability marker immediately after emergence
PASS the marker expires on the exact recorded tick
PASS both lane views draw the shroud for either seat
PASS reset clears shroud feedback
PASS both lane views draw the shroud for either seat
PASS reset clears shroud feedback
PASS save/load retains a shroud that crosses an interval boundary
PASS shroud_boundary_0 resolves
PASS shroud_boundary_0 keeps valid unit and field state
PASS shroud_boundary_0 deterministic replay
PASS a waiting shooter acquires Dotra exactly when his remaining 57 ticks expire
PASS expiry clears both saved counters for replay deltas
PASS save/load retains a shroud that crosses an interval boundary
PASS shroud_boundary_1 resolves
PASS shroud_boundary_1 keeps valid unit and field state
PASS shroud_boundary_1 deterministic replay
PASS a waiting shooter acquires Dotra exactly when his remaining 57 ticks expire
PASS expiry clears both saved counters for replay deltas
PASS shroud_target_0_Muno resolves
PASS shroud_target_0_Muno keeps valid unit and field state
PASS shroud_target_0_Muno deterministic replay
PASS Muno cannot directly hit shrouded Dotra
PASS portal and beam acquisition skip shrouded Dotra
PASS shroud_target_0_Sinodek resolves
PASS shroud_target_0_Sinodek keeps valid unit and field state
PASS shroud_target_0_Sinodek deterministic replay
PASS Muno cannot directly hit shrouded Dotra
PASS portal and beam acquisition skip shrouded Dotra
PASS shroud_target_0_Sooge resolves
PASS shroud_target_0_Sooge keeps valid unit and field state
PASS shroud_target_0_Sooge deterministic replay
PASS Muno cannot directly hit shrouded Dotra
PASS portal and beam acquisition skip shrouded Dotra
PASS shroud_target_0_Tumler resolves
PASS shroud_target_0_Tumler keeps valid unit and field state
PASS shroud_target_0_Tumler deterministic replay
PASS Muno cannot directly hit shrouded Dotra
PASS portal and beam acquisition skip shrouded Dotra
PASS Tumler drops a previously marked Dotra and hunts his ally
PASS retained navigation releases a shrouded target
PASS contact with an untargetable body does not freeze an enemy's movement
PASS shroud_target_1_Muno resolves
PASS shroud_target_1_Muno keeps valid unit and field state
PASS shroud_target_1_Muno deterministic replay
PASS Muno cannot directly hit shrouded Dotra
PASS portal and beam acquisition skip shrouded Dotra
PASS shroud_target_1_Sinodek resolves
PASS shroud_target_1_Sinodek keeps valid unit and field state
PASS shroud_target_1_Sinodek deterministic replay
PASS Muno cannot directly hit shrouded Dotra
PASS portal and beam acquisition skip shrouded Dotra
PASS shroud_target_1_Sooge resolves
PASS shroud_target_1_Sooge keeps valid unit and field state
PASS shroud_target_1_Sooge deterministic replay
PASS Muno cannot directly hit shrouded Dotra
PASS portal and beam acquisition skip shrouded Dotra
PASS shroud_target_1_Tumler resolves
PASS shroud_target_1_Tumler keeps valid unit and field state
PASS shroud_target_1_Tumler deterministic replay
PASS Muno cannot directly hit shrouded Dotra
PASS portal and beam acquisition skip shrouded Dotra
PASS Tumler drops a previously marked Dotra and hunts his ally
PASS retained navigation releases a shrouded target
PASS contact with an untargetable body does not freeze an enemy's movement
PASS shroud_tower_0 resolves
PASS shroud_tower_0 keeps valid unit and field state
PASS shroud_tower_0 deterministic replay
PASS towers redirect fire to an available ally
PASS towers can resume targeting Dotra after expiry
PASS shroud_tower_1 resolves
PASS shroud_tower_1 keeps valid unit and field state
PASS shroud_tower_1 deterministic replay
PASS towers redirect fire to an available ally
PASS towers can resume targeting Dotra after expiry
PASS shroud_damage_Poison resolves
PASS shroud rejects aimed Poison or preserves its area/poison damage
PASS shroud_damage_Kopita resolves
PASS shroud rejects aimed Kopita or preserves its area/poison damage
PASS shroud_damage_Beam resolves
PASS shroud rejects aimed Beam or preserves its area/poison damage
PASS shroud_damage_Muno resolves
PASS shroud rejects aimed Muno or preserves its area/poison damage
PASS shroud_damage_Ambush resolves
PASS shroud rejects aimed Ambush or preserves its area/poison damage
PASS shroud_allied_healing resolves
PASS shroud_allied_healing keeps valid unit and field state
PASS shroud_allied_healing deterministic replay
PASS allied healing still reaches shrouded Dotra
PASS invalid shroud counter rejected: dotra_shroud_from_tick
PASS invalid shroud counter rejected: dotra_shroud_from_tick
PASS invalid shroud counter rejected: dotra_shroud_from_tick
PASS invalid shroud counter rejected: dotra_shroud_from_tick
PASS invalid shroud counter rejected: dotra_shroud_from_tick
PASS invalid shroud counter rejected: dotra_shroud_until_tick
PASS invalid shroud counter rejected: dotra_shroud_until_tick
PASS invalid shroud counter rejected: dotra_shroud_until_tick
PASS invalid shroud counter rejected: dotra_shroud_until_tick
PASS invalid shroud counter rejected: dotra_shroud_until_tick
PASS reversed shroud interval is invalid
U13 Dotra shroud failures: 0
