Godot Engine v4.5.1.stable.official.f62fdbde1 - https://godotengine.org

PASS  false_orders_resolves
PASS  false_orders_retains_owner_id_value_state
PASS  guard_transfer_input_unchanged
PASS  false_orders_cannot_forge_guard_owner
PASS  inversion_resolves
PASS  inversion_fills_only_legal_free_slots
PASS  partial_inversion_grants_exactly_one_tear
PASS  inversion_preserves_card_zone_invariants
PASS  self_inversion_donates_only_into_free_enemy_slots
PASS  self_inversion_grants_one_tear_and_preserves_invariants
PASS  self_inversion_accepted_at_declaration
PASS  full_enemy_zone_blocks_donation_without_tear
PASS  full_destination_gives_no_transfer_or_tear
PASS  full_inversion_rejected_at_declaration
PASS  prepared_guard_order_fizzles_after_allegiance_change
PASS  allegiance_shift_resolves
PASS  shift_does_not_touch_allies
PASS  shift_smaller_circle_boundary
PASS  shift_uses_shared_ownership_transition
PASS  shift_plus_redirect_affordable
PASS  10b_redirect_precedes_10c_shift_regardless_of_cart_order
PASS  mixed_allegiance_snapshot_restores
PASS  repeated_false_orders_queue
PASS  prepared_costs_paid_immediately
PASS  prepared_queue_restores_between_rounds
PASS  prepared_orders_replay_exactly
PASS  false_orders_fires_before_next_deployment
PASS  second_same_guard_order_fizzles_without_retarget
PASS  fizzle_keeps_payment_only_normal_upkeep_restores_one
PASS  interlock_reacts_after_kill
PASS  interlock_reflects_resolved_attack_with_armor_first
PASS  interlock_only_victim_owner_uses_trigger
PASS  interlock_once_per_round_and_idempotent_fact
PASS  reflection_can_kill_without_recursive_interlock
PASS  hazard_kills_do_not_trigger_interlock
PASS  real_marching_interlock_resolves
PASS  marching_emits_killing_attack_damage_for_interlock
PASS  paradox_marcher_event_resolves
PASS  paradox_flips_both_sides_from_one_membership_snapshot
PASS  paradox_seeded_json_replay_exact
PASS  paradox_once_per_round
PASS  paradox_guard_transfer_preserves_capacity
PASS  paradox_is_not_an_inversion_tear
PASS  interlock_can_be_fully_absorbed_by_armor
PASS  mutual_kill_consumes_interlock_without_reviving_attacker
PASS  interlock_refreshes_on_new_round
PASS  interlock_banishment_fixture
PASS  banished_odradek_cannot_reflect
PASS  paradox_empty_board_is_explicit_noop
U13 Odradek powers failures: 0
